// Jest Snapshot v1, https://goo.gl/fbAQLP

exports[`break.rb matches expected output 1`] = `
"# frozen_string_literal: true

[].each { break }

[].each { break 1 }

[].each { break 1 }

[].each { break 1, 2 }
"
`;
