// Jest Snapshot v1, https://goo.gl/fbAQLP

exports[`layout.rb matches expected output 1`] = `
"# frozen_string_literal: true

# rubocop:disable Lint/Void

1

def foobar
  2

  3
  4
  5

  6
end

7
8
9

10

# rubocop:enable Lint/Void
"
`;
