// Jest Snapshot v1, https://goo.gl/fbAQLP

exports[`super.rb matches expected output 1`] = `
"# frozen_string_literal: true

super

super()

super 1

super(1)

super 1, 2

super(1, 2)
"
`;
